2026-08-05 07:04:23 [INFO]: MongoDB connected successfully.
2026-08-05 07:04:26 [INFO]: Email server connected successfully.
2026-08-05 07:04:26 [INFO]: Server is running on port 5132.
2026-08-05 07:04:32 [INFO]: [0mGET / [32m200[0m 69.257 ms - -[0m
2026-08-05 07:04:32 [INFO]: [0mGET /css/style.css [36m304[0m 1.929 ms - -[0m
2026-08-05 07:04:32 [INFO]: [0mGET /images/logo/plantora.png [36m304[0m 1.117 ms - -[0m
2026-08-05 07:04:32 [INFO]: [0mGET /images/hero/hero-placeholder.png [36m304[0m 1.600 ms - -[0m
2026-08-05 07:04:32 [INFO]: [0mGET /images/hero/monstera-plant.jpg [36m304[0m 1.876 ms - -[0m
2026-08-05 07:04:32 [INFO]: [0mGET /images/hero/snake-plant.jpg [36m304[0m 2.514 ms - -[0m
2026-08-05 07:04:32 [INFO]: [0mGET /images/hero/peace-lily.jpg [36m304[0m 3.082 ms - -[0m
2026-08-05 07:04:32 [INFO]: [0mGET /css/variables.css [36m304[0m 3.902 ms - -[0m
2026-08-05 07:04:32 [INFO]: [0mGET /css/utilities.css [36m304[0m 4.186 ms - -[0m
2026-08-05 07:04:32 [INFO]: [0mGET /css/header.css [36m304[0m 4.471 ms - -[0m
2026-08-05 07:04:32 [INFO]: [0mGET /js/header.js [36m304[0m 4.322 ms - -[0m
2026-08-05 07:04:32 [INFO]: [0mGET /css/animations.css [36m304[0m 4.595 ms - -[0m
2026-08-05 07:04:32 [INFO]: [0mGET /css/announcement.css [36m304[0m 4.945 ms - -[0m
2026-08-05 07:04:32 [INFO]: [0mGET /css/hero.css [36m304[0m 1.311 ms - -[0m
2026-08-05 07:04:32 [INFO]: [0mGET /css/featured.css [36m304[0m 2.449 ms - -[0m
2026-08-05 07:04:32 [INFO]: [0mGET /css/why-choose.css [36m304[0m 1.396 ms - -[0m
2026-08-05 07:04:32 [INFO]: [0mGET /css/footer.css [36m304[0m 1.669 ms - -[0m
2026-08-05 07:04:32 [INFO]: [0mGET /css/auth.css [36m304[0m 2.010 ms - -[0m
2026-08-05 07:04:32 [INFO]: [0mGET /css/verify.css [36m304[0m 2.475 ms - -[0m
2026-08-05 07:04:32 [INFO]: [0mGET /js/why-choose.js [36m304[0m 0.851 ms - -[0m
2026-08-05 07:04:32 [INFO]: [0mGET /js/featured.js [36m304[0m 1.430 ms - -[0m
2026-08-05 07:04:32 [INFO]: [0mGET /js/notification.js [36m304[0m 1.857 ms - -[0m
2026-08-05 07:04:32 [INFO]: [0mGET /js/footer.js [36m304[0m 0.620 ms - -[0m
2026-08-05 07:04:32 [INFO]: [0mGET /js/auth.js [36m304[0m 1.214 ms - -[0m
2026-08-05 07:04:32 [INFO]: [0mGET /images/hero/tulip-plant.jpg [36m304[0m 1.376 ms - -[0m
2026-08-05 07:04:32 [INFO]: [0mGET /images/hero/rubber-plant.jpg [36m304[0m 1.398 ms - -[0m
2026-08-05 07:04:32 [INFO]: [0mGET /images/hero/aloe-vera.jpg [36m304[0m 1.197 ms - -[0m
2026-08-05 07:04:32 [INFO]: [0mGET /images/hero/areca-palm.jpg [36m304[0m 0.619 ms - -[0m
2026-08-05 07:04:32 [INFO]: [0mGET /images/hero/jade-plant.jpg [36m304[0m 0.720 ms - -[0m
2026-08-05 07:04:32 [INFO]: [0mGET /images/hero/golden-pothos.jpg [36m304[0m 1.107 ms - -[0m
2026-08-05 07:04:32 [INFO]: [0mGET /images/hero/fiddle-leaf-fig.jpg [36m304[0m 0.644 ms - -[0m
2026-08-05 07:04:32 [INFO]: [0mGET /images/hero/why-choose.jpg [36m304[0m 0.691 ms - -[0m
2026-08-05 07:04:32 [INFO]: [0mGET /images/logo/plantora-orgn-white.png [36m304[0m 0.417 ms - -[0m
2026-08-05 07:04:32 [INFO]: [0mGET /favicon.ico [33m404[0m 3.606 ms - 75[0m
2026-08-05 07:51:55 [INFO]: Login successful : adam-jones@yopmail.com
2026-08-05 07:51:55 [INFO]: [0mPOST /auth/login [32m200[0m 874.089 ms - 46[0m
2026-08-05 07:51:56 [INFO]: [0mGET / [32m200[0m 225.092 ms - -[0m
2026-08-05 07:51:56 [INFO]: [0mGET /css/style.css [36m304[0m 0.681 ms - -[0m
2026-08-05 07:51:56 [INFO]: [0mGET /images/logo/plantora.png [36m304[0m 0.907 ms - -[0m
2026-08-05 07:51:56 [INFO]: [0mGET /images/hero/monstera-plant.jpg [36m304[0m 0.308 ms - -[0m
2026-08-05 07:51:56 [INFO]: [0mGET /images/hero/hero-placeholder.png [36m304[0m 1.264 ms - -[0m
2026-08-05 07:51:56 [INFO]: [0mGET /js/header.js [36m304[0m 0.655 ms - -[0m
2026-08-05 07:51:56 [INFO]: [0mGET /js/featured.js [36m304[0m 0.916 ms - -[0m
2026-08-05 07:51:56 [INFO]: [0mGET /js/why-choose.js [36m304[0m 1.183 ms - -[0m
2026-08-05 07:51:56 [INFO]: [0mGET /js/notification.js [36m304[0m 0.641 ms - -[0m
2026-08-05 07:51:56 [INFO]: [0mGET /js/auth.js [36m304[0m 0.818 ms - -[0m
2026-08-05 07:51:56 [INFO]: [0mGET /js/footer.js [36m304[0m 1.437 ms - -[0m
2026-08-05 07:51:56 [INFO]: [0mGET /images/hero/snake-plant.jpg [36m304[0m 1.760 ms - -[0m
2026-08-05 07:51:56 [INFO]: [0mGET /images/hero/peace-lily.jpg [36m304[0m 2.105 ms - -[0m
2026-08-05 07:51:56 [INFO]: [0mGET /images/hero/tulip-plant.jpg [36m304[0m 2.911 ms - -[0m
2026-08-05 07:51:56 [INFO]: [0mGET /css/variables.css [36m304[0m 3.386 ms - -[0m
2026-08-05 07:51:56 [INFO]: [0mGET /css/utilities.css [36m304[0m 2.975 ms - -[0m
2026-08-05 07:51:56 [INFO]: [0mGET /css/animations.css [36m304[0m 1.108 ms - -[0m
2026-08-05 07:51:56 [INFO]: [0mGET /css/announcement.css [36m304[0m 0.849 ms - -[0m
2026-08-05 07:51:56 [INFO]: [0mGET /css/header.css [36m304[0m 1.240 ms - -[0m
2026-08-05 07:51:56 [INFO]: [0mGET /css/hero.css [36m304[0m 1.405 ms - -[0m
2026-08-05 07:51:56 [INFO]: [0mGET /css/featured.css [36m304[0m 0.288 ms - -[0m
2026-08-05 07:51:56 [INFO]: [0mGET /css/why-choose.css [36m304[0m 0.887 ms - -[0m
2026-08-05 07:51:56 [INFO]: [0mGET /css/footer.css [36m304[0m 0.812 ms - -[0m
2026-08-05 07:51:56 [INFO]: [0mGET /css/auth.css [36m304[0m 1.037 ms - -[0m
2026-08-05 07:51:56 [INFO]: [0mGET /css/verify.css [36m304[0m 0.431 ms - -[0m
2026-08-05 07:51:56 [INFO]: [0mGET /images/hero/rubber-plant.jpg [36m304[0m 1.039 ms - -[0m
2026-08-05 07:51:56 [INFO]: [0mGET /images/hero/aloe-vera.jpg [36m304[0m 1.752 ms - -[0m
2026-08-05 07:51:56 [INFO]: [0mGET /images/hero/areca-palm.jpg [36m304[0m 0.740 ms - -[0m
2026-08-05 07:51:56 [INFO]: [0mGET /images/hero/jade-plant.jpg [36m304[0m 1.517 ms - -[0m
2026-08-05 07:51:56 [INFO]: [0mGET /images/hero/golden-pothos.jpg [36m304[0m 1.503 ms - -[0m
2026-08-05 07:51:56 [INFO]: [0mGET /images/hero/fiddle-leaf-fig.jpg [36m304[0m 1.007 ms - -[0m
2026-08-05 07:51:56 [INFO]: [0mGET /images/hero/why-choose.jpg [36m304[0m 1.331 ms - -[0m
2026-08-05 07:51:56 [INFO]: [0mGET /images/logo/plantora-orgn-white.png [36m304[0m 0.924 ms - -[0m
2026-08-05 07:51:58 [INFO]: [0mGET /auth/profile [36m304[0m 155.185 ms - -[0m
2026-08-05 07:51:58 [INFO]: [0mGET /css/style.css [36m304[0m 0.462 ms - -[0m
2026-08-05 07:51:58 [INFO]: [0mGET /css/profile.css [36m304[0m 0.439 ms - -[0m
2026-08-05 07:51:58 [INFO]: [0mGET /images/logo/plantora.png [36m304[0m 0.977 ms - -[0m
2026-08-05 07:51:58 [INFO]: [0mGET /js/profile.js [36m304[0m 1.252 ms - -[0m
2026-08-05 07:51:58 [INFO]: [0mGET /images/logo/plantora-orgn-white.png [36m304[0m 0.741 ms - -[0m
2026-08-05 07:51:58 [INFO]: [0mGET /js/header.js [36m304[0m 0.351 ms - -[0m
2026-08-05 07:51:58 [INFO]: [0mGET /js/featured.js [36m304[0m 0.834 ms - -[0m
2026-08-05 07:51:58 [INFO]: [0mGET /js/why-choose.js [36m304[0m 1.980 ms - -[0m
2026-08-05 07:51:58 [INFO]: [0mGET /js/notification.js [36m304[0m 2.365 ms - -[0m
2026-08-05 07:51:58 [INFO]: [0mGET /js/footer.js [36m304[0m 2.871 ms - -[0m
2026-08-05 07:51:58 [INFO]: [0mGET /js/auth.js [36m304[0m 1.360 ms - -[0m
2026-08-05 07:51:58 [INFO]: [0mGET /css/variables.css [36m304[0m 0.807 ms - -[0m
2026-08-05 07:51:58 [INFO]: [0mGET /css/utilities.css [36m304[0m 1.204 ms - -[0m
2026-08-05 07:51:58 [INFO]: [0mGET /css/animations.css [36m304[0m 2.342 ms - -[0m
2026-08-05 07:51:58 [INFO]: [0mGET /css/announcement.css [36m304[0m 2.961 ms - -[0m
2026-08-05 07:51:58 [INFO]: [0mGET /css/header.css [36m304[0m 0.724 ms - -[0m
2026-08-05 07:51:58 [INFO]: [0mGET /css/hero.css [36m304[0m 0.740 ms - -[0m
2026-08-05 07:51:58 [INFO]: [0mGET /css/featured.css [36m304[0m 0.833 ms - -[0m
2026-08-05 07:51:58 [INFO]: [0mGET /css/why-choose.css [36m304[0m 0.990 ms - -[0m
2026-08-05 07:51:58 [INFO]: [0mGET /css/footer.css [36m304[0m 1.629 ms - -[0m
2026-08-05 07:51:58 [INFO]: [0mGET /css/auth.css [36m304[0m 3.473 ms - -[0m
2026-08-05 07:51:58 [INFO]: [0mGET /css/verify.css [36m304[0m 3.517 ms - -[0m
2026-08-05 07:52:04 [ERROR]: Error: Failed to lookup view "seller/dashboard/index" in views directory "E:\Webskitters_Academy\NODE JS\final_project_node\plantora_final_project_node_ejs\views"
    at app.render (E:\Webskitters_Academy\NODE JS\final_project_node\plantora_final_project_node_ejs\node_modules\express\lib\application.js:562:17)
    at ServerResponse.render (E:\Webskitters_Academy\NODE JS\final_project_node\plantora_final_project_node_ejs\node_modules\express\lib\response.js:923:7)
    at showDashboard (E:\Webskitters_Academy\NODE JS\final_project_node\plantora_final_project_node_ejs\app\controllers\SellerDashboardController.js:14:18)
    at Layer.handleRequest (E:\Webskitters_Academy\NODE JS\final_project_node\plantora_final_project_node_ejs\node_modules\router\lib\layer.js:152:17)
    at next (E:\Webskitters_Academy\NODE JS\final_project_node\plantora_final_project_node_ejs\node_modules\router\lib\route.js:157:13)
    at sellerMiddleware (E:\Webskitters_Academy\NODE JS\final_project_node\plantora_final_project_node_ejs\app\middlewares\sellerMiddleware.js:22:10)
    at Layer.handleRequest (E:\Webskitters_Academy\NODE JS\final_project_node\plantora_final_project_node_ejs\node_modules\router\lib\layer.js:152:17)
    at next (E:\Webskitters_Academy\NODE JS\final_project_node\plantora_final_project_node_ejs\node_modules\router\lib\route.js:157:13)
    at E:\Webskitters_Academy\NODE JS\final_project_node\plantora_final_project_node_ejs\app\middlewares\authorizeRoles.js:23:12
    at Layer.handleRequest (E:\Webskitters_Academy\NODE JS\final_project_node\plantora_final_project_node_ejs\node_modules\router\lib\layer.js:152:17)
2026-08-05 07:52:04 [INFO]: [0mGET /seller/dashboard [31m500[0m 363.868 ms - 223[0m
2026-08-05 07:52:12 [INFO]: Logout successful : adam-jones@yopmail.com
2026-08-05 07:52:12 [INFO]: [0mPOST /auth/logout [36m302[0m 576.630 ms - 30[0m
2026-08-05 07:52:12 [INFO]: [0mGET / [32m200[0m 8.541 ms - -[0m
2026-08-05 07:52:12 [INFO]: [0mGET /css/style.css [36m304[0m 1.109 ms - -[0m
2026-08-05 07:52:12 [INFO]: [0mGET /images/logo/plantora.png [36m304[0m 0.614 ms - -[0m
2026-08-05 07:52:12 [INFO]: [0mGET /images/hero/hero-placeholder.png [36m304[0m 1.224 ms - -[0m
2026-08-05 07:52:12 [INFO]: [0mGET /images/hero/snake-plant.jpg [36m304[0m 0.371 ms - -[0m
2026-08-05 07:52:12 [INFO]: [0mGET /images/hero/monstera-plant.jpg [36m304[0m 1.047 ms - -[0m
2026-08-05 07:52:12 [INFO]: [0mGET /images/hero/peace-lily.jpg [36m304[0m 1.487 ms - -[0m
2026-08-05 07:52:12 [INFO]: [0mGET /js/header.js [36m304[0m 0.443 ms - -[0m
2026-08-05 07:52:12 [INFO]: [0mGET /js/featured.js [36m304[0m 1.695 ms - -[0m
2026-08-05 07:52:12 [INFO]: [0mGET /js/why-choose.js [36m304[0m 1.479 ms - -[0m
2026-08-05 07:52:12 [INFO]: [0mGET /js/notification.js [36m304[0m 1.951 ms - -[0m
2026-08-05 07:52:12 [INFO]: [0mGET /js/footer.js [36m304[0m 0.789 ms - -[0m
2026-08-05 07:52:12 [INFO]: [0mGET /js/auth.js [36m304[0m 1.337 ms - -[0m
2026-08-05 07:52:12 [INFO]: [0mGET /images/hero/tulip-plant.jpg [36m304[0m 1.759 ms - -[0m
2026-08-05 07:52:12 [INFO]: [0mGET /images/hero/rubber-plant.jpg [36m304[0m 1.394 ms - -[0m
2026-08-05 07:52:12 [INFO]: [0mGET /images/hero/aloe-vera.jpg [36m304[0m 1.797 ms - -[0m
2026-08-05 07:52:12 [INFO]: [0mGET /images/hero/areca-palm.jpg [36m304[0m 0.642 ms - -[0m
2026-08-05 07:52:12 [INFO]: [0mGET /images/hero/jade-plant.jpg [36m304[0m 1.198 ms - -[0m
2026-08-05 07:52:12 [INFO]: [0mGET /images/hero/golden-pothos.jpg [36m304[0m 0.913 ms - -[0m
2026-08-05 07:52:12 [INFO]: [0mGET /images/hero/fiddle-leaf-fig.jpg [36m304[0m 1.117 ms - -[0m
2026-08-05 07:52:12 [INFO]: [0mGET /images/hero/why-choose.jpg [36m304[0m 1.746 ms - -[0m
2026-08-05 07:52:12 [INFO]: [0mGET /images/logo/plantora-orgn-white.png [36m304[0m 0.522 ms - -[0m
2026-08-05 07:52:12 [INFO]: [0mGET /css/variables.css [36m304[0m 1.159 ms - -[0m
2026-08-05 07:52:12 [INFO]: [0mGET /css/utilities.css [36m304[0m 1.882 ms - -[0m
2026-08-05 07:52:12 [INFO]: [0mGET /css/animations.css [36m304[0m 2.071 ms - -[0m
2026-08-05 07:52:12 [INFO]: [0mGET /css/announcement.css [36m304[0m 2.450 ms - -[0m
2026-08-05 07:52:12 [INFO]: [0mGET /css/header.css [36m304[0m 3.432 ms - -[0m
2026-08-05 07:52:12 [INFO]: [0mGET /css/hero.css [36m304[0m 1.674 ms - -[0m
2026-08-05 07:52:12 [INFO]: [0mGET /css/featured.css [36m304[0m 1.320 ms - -[0m
2026-08-05 07:52:12 [INFO]: [0mGET /css/why-choose.css [36m304[0m 1.434 ms - -[0m
2026-08-05 07:52:12 [INFO]: [0mGET /css/footer.css [36m304[0m 1.645 ms - -[0m
2026-08-05 07:52:12 [INFO]: [0mGET /css/auth.css [36m304[0m 1.924 ms - -[0m
2026-08-05 07:52:12 [INFO]: [0mGET /css/verify.css [36m304[0m 0.453 ms - -[0m
2026-08-05 07:52:20 [INFO]: [0mGET / [36m304[0m 12.659 ms - -[0m
2026-08-05 07:52:20 [INFO]: [0mGET /css/style.css [36m304[0m 1.199 ms - -[0m
2026-08-05 07:52:20 [INFO]: [0mGET /images/logo/plantora.png [36m304[0m 1.486 ms - -[0m
2026-08-05 07:52:20 [INFO]: [0mGET /images/hero/hero-placeholder.png [36m304[0m 1.026 ms - -[0m
2026-08-05 07:52:20 [INFO]: [0mGET /css/variables.css [36m304[0m 0.634 ms - -[0m
2026-08-05 07:52:20 [INFO]: [0mGET /css/utilities.css [36m304[0m 0.470 ms - -[0m
2026-08-05 07:52:20 [INFO]: [0mGET /css/animations.css [36m304[0m 0.397 ms - -[0m
2026-08-05 07:52:20 [INFO]: [0mGET /css/announcement.css [36m304[0m 0.523 ms - -[0m
2026-08-05 07:52:20 [INFO]: [0mGET /css/header.css [36m304[0m 0.443 ms - -[0m
2026-08-05 07:52:20 [INFO]: [0mGET /css/hero.css [36m304[0m 0.415 ms - -[0m
2026-08-05 07:52:20 [INFO]: [0mGET /css/featured.css [36m304[0m 0.327 ms - -[0m
2026-08-05 07:52:20 [INFO]: [0mGET /css/why-choose.css [36m304[0m 0.478 ms - -[0m
2026-08-05 07:52:20 [INFO]: [0mGET /css/footer.css [36m304[0m 0.370 ms - -[0m
2026-08-05 07:52:20 [INFO]: [0mGET /css/auth.css [36m304[0m 0.383 ms - -[0m
2026-08-05 07:52:20 [INFO]: [0mGET /css/verify.css [36m304[0m 0.515 ms - -[0m
2026-08-05 07:52:20 [INFO]: [0mGET /images/hero/monstera-plant.jpg [36m304[0m 0.957 ms - -[0m
2026-08-05 07:52:20 [INFO]: [0mGET /images/hero/snake-plant.jpg [36m304[0m 0.447 ms - -[0m
2026-08-05 07:52:20 [INFO]: [0mGET /images/hero/peace-lily.jpg [36m304[0m 0.424 ms - -[0m
2026-08-05 07:52:21 [INFO]: [0mGET /js/header.js [36m304[0m 0.465 ms - -[0m
2026-08-05 07:52:21 [INFO]: [0mGET /js/featured.js [36m304[0m 0.390 ms - -[0m
2026-08-05 07:52:21 [INFO]: [0mGET /js/why-choose.js [36m304[0m 0.476 ms - -[0m
2026-08-05 07:52:21 [INFO]: [0mGET /js/notification.js [36m304[0m 0.364 ms - -[0m
2026-08-05 07:52:21 [INFO]: [0mGET /js/footer.js [36m304[0m 0.436 ms - -[0m
2026-08-05 07:52:21 [INFO]: [0mGET /js/auth.js [36m304[0m 0.436 ms - -[0m
2026-08-05 07:52:21 [INFO]: [0mGET /images/hero/tulip-plant.jpg [36m304[0m 0.392 ms - -[0m
2026-08-05 07:52:21 [INFO]: [0mGET /images/hero/rubber-plant.jpg [36m304[0m 0.243 ms - -[0m
2026-08-05 07:52:21 [INFO]: [0mGET /images/hero/aloe-vera.jpg [36m304[0m 0.411 ms - -[0m
2026-08-05 07:52:21 [INFO]: [0mGET /images/hero/areca-palm.jpg [36m304[0m 0.309 ms - -[0m
2026-08-05 07:52:21 [INFO]: [0mGET /images/hero/jade-plant.jpg [36m304[0m 0.260 ms - -[0m
2026-08-05 07:52:21 [INFO]: [0mGET /images/hero/golden-pothos.jpg [36m304[0m 0.384 ms - -[0m
2026-08-05 07:52:21 [INFO]: [0mGET /images/hero/fiddle-leaf-fig.jpg [36m304[0m 0.280 ms - -[0m
2026-08-05 07:52:21 [INFO]: [0mGET /images/hero/why-choose.jpg [36m304[0m 0.298 ms - -[0m
2026-08-05 07:52:21 [INFO]: [0mGET /images/logo/plantora-orgn-white.png [36m304[0m 0.451 ms - -[0m
2026-08-05 07:52:21 [INFO]: [0mGET /favicon.ico [33m404[0m 2.527 ms - 75[0m
2026-08-05 07:52:24 [INFO]: Login successful : admin-plantora@yopmail.com
2026-08-05 07:52:24 [INFO]: [0mPOST /auth/login [32m200[0m 532.992 ms - 46[0m
2026-08-05 07:52:25 [INFO]: [0mGET / [32m200[0m 96.866 ms - -[0m
2026-08-05 07:52:25 [INFO]: [0mGET /css/style.css [36m304[0m 0.569 ms - -[0m
2026-08-05 07:52:25 [INFO]: [0mGET /images/logo/plantora.png [36m304[0m 0.807 ms - -[0m
2026-08-05 07:52:25 [INFO]: [0mGET /images/hero/hero-placeholder.png [36m304[0m 1.227 ms - -[0m
2026-08-05 07:52:25 [INFO]: [0mGET /images/hero/monstera-plant.jpg [36m304[0m 1.124 ms - -[0m
2026-08-05 07:52:25 [INFO]: [0mGET /css/variables.css [36m304[0m 0.426 ms - -[0m
2026-08-05 07:52:25 [INFO]: [0mGET /css/utilities.css [36m304[0m 0.769 ms - -[0m
2026-08-05 07:52:25 [INFO]: [0mGET /css/animations.css [36m304[0m 1.470 ms - -[0m
2026-08-05 07:52:25 [INFO]: [0mGET /css/announcement.css [36m304[0m 0.754 ms - -[0m
2026-08-05 07:52:25 [INFO]: [0mGET /css/header.css [36m304[0m 1.461 ms - -[0m
2026-08-05 07:52:25 [INFO]: [0mGET /css/hero.css [36m304[0m 1.927 ms - -[0m
2026-08-05 07:52:25 [INFO]: [0mGET /css/featured.css [36m304[0m 2.137 ms - -[0m
2026-08-05 07:52:25 [INFO]: [0mGET /css/why-choose.css [36m304[0m 1.809 ms - -[0m
2026-08-05 07:52:25 [INFO]: [0mGET /css/footer.css [36m304[0m 1.805 ms - -[0m
2026-08-05 07:52:25 [INFO]: [0mGET /css/auth.css [36m304[0m 0.420 ms - -[0m
2026-08-05 07:52:25 [INFO]: [0mGET /css/verify.css [36m304[0m 0.941 ms - -[0m
2026-08-05 07:52:25 [INFO]: [0mGET /js/header.js [36m304[0m 0.574 ms - -[0m
2026-08-05 07:52:25 [INFO]: [0mGET /js/featured.js [36m304[0m 1.070 ms - -[0m
2026-08-05 07:52:25 [INFO]: [0mGET /js/why-choose.js [36m304[0m 0.484 ms - -[0m
2026-08-05 07:52:25 [INFO]: [0mGET /js/notification.js [36m304[0m 0.200 ms - -[0m
2026-08-05 07:52:25 [INFO]: [0mGET /js/footer.js [36m304[0m 0.397 ms - -[0m
2026-08-05 07:52:25 [INFO]: [0mGET /js/auth.js [36m304[0m 0.503 ms - -[0m
2026-08-05 07:52:25 [INFO]: [0mGET /images/hero/snake-plant.jpg [36m304[0m 0.511 ms - -[0m
2026-08-05 07:52:25 [INFO]: [0mGET /images/hero/peace-lily.jpg [36m304[0m 0.586 ms - -[0m
2026-08-05 07:52:25 [INFO]: [0mGET /images/hero/tulip-plant.jpg [36m304[0m 1.457 ms - -[0m
2026-08-05 07:52:25 [INFO]: [0mGET /images/hero/rubber-plant.jpg [36m304[0m 0.760 ms - -[0m
2026-08-05 07:52:25 [INFO]: [0mGET /images/hero/aloe-vera.jpg [36m304[0m 0.558 ms - -[0m
2026-08-05 07:52:25 [INFO]: [0mGET /images/hero/areca-palm.jpg [36m304[0m 0.591 ms - -[0m
2026-08-05 07:52:25 [INFO]: [0mGET /images/hero/jade-plant.jpg [36m304[0m 0.240 ms - -[0m
2026-08-05 07:52:25 [INFO]: [0mGET /images/hero/golden-pothos.jpg [36m304[0m 0.435 ms - -[0m
2026-08-05 07:52:25 [INFO]: [0mGET /images/hero/fiddle-leaf-fig.jpg [36m304[0m 0.353 ms - -[0m
2026-08-05 07:52:25 [INFO]: [0mGET /images/hero/why-choose.jpg [36m304[0m 0.264 ms - -[0m
2026-08-05 07:52:25 [INFO]: [0mGET /images/logo/plantora-orgn-white.png [36m304[0m 0.391 ms - -[0m
2026-08-05 07:52:28 [INFO]: [0mGET /admin/dashboard [36m304[0m 149.748 ms - -[0m
2026-08-05 07:52:28 [INFO]: [0mGET /css/style.css [36m304[0m 0.371 ms - -[0m
2026-08-05 07:52:28 [INFO]: [0mGET /css/admin/layout.css [36m304[0m 1.002 ms - -[0m
2026-08-05 07:52:28 [INFO]: [0mGET /css/header.css [36m304[0m 0.856 ms - -[0m
2026-08-05 07:52:28 [INFO]: [0mGET /images/logo/plantora.png [36m304[0m 1.174 ms - -[0m
2026-08-05 07:52:28 [INFO]: [0mGET /css/admin/users.css [32m200[0m 2.592 ms - -[0m
2026-08-05 07:52:28 [INFO]: [0mGET /js/admin/layout.js [36m304[0m 0.382 ms - -[0m
2026-08-05 07:52:28 [INFO]: [0mGET /css/variables.css [36m304[0m 0.525 ms - -[0m
2026-08-05 07:52:28 [INFO]: [0mGET /css/utilities.css [36m304[0m 0.733 ms - -[0m
2026-08-05 07:52:28 [INFO]: [0mGET /js/admin/users.js [36m304[0m 1.008 ms - -[0m
2026-08-05 07:52:28 [INFO]: [0mGET /js/header.js [36m304[0m 1.401 ms - -[0m
2026-08-05 07:52:28 [INFO]: [0mGET /js/notification.js [36m304[0m 1.920 ms - -[0m
2026-08-05 07:52:28 [INFO]: [0mGET /css/animations.css [36m304[0m 0.641 ms - -[0m
2026-08-05 07:52:28 [INFO]: [0mGET /css/announcement.css [36m304[0m 0.529 ms - -[0m
2026-08-05 07:52:28 [INFO]: [0mGET /css/hero.css [36m304[0m 0.342 ms - -[0m
2026-08-05 07:52:28 [INFO]: [0mGET /css/featured.css [36m304[0m 0.808 ms - -[0m
2026-08-05 07:52:28 [INFO]: [0mGET /css/why-choose.css [36m304[0m 0.819 ms - -[0m
2026-08-05 07:52:28 [INFO]: [0mGET /css/footer.css [36m304[0m 0.502 ms - -[0m
2026-08-05 07:52:28 [INFO]: [0mGET /css/auth.css [36m304[0m 1.048 ms - -[0m
2026-08-05 07:52:28 [INFO]: [0mGET /css/verify.css [36m304[0m 0.828 ms - -[0m
2026-08-05 07:52:30 [INFO]: [0mGET /admin/users [32m200[0m 393.340 ms - -[0m
2026-08-05 07:52:30 [INFO]: [0mGET /css/style.css [36m304[0m 2.151 ms - -[0m
2026-08-05 07:52:30 [INFO]: [0mGET /css/admin/layout.css [36m304[0m 2.395 ms - -[0m
2026-08-05 07:52:30 [INFO]: [0mGET /css/admin/users.css [36m304[0m 2.815 ms - -[0m
2026-08-05 07:52:30 [INFO]: [0mGET /css/header.css [36m304[0m 2.117 ms - -[0m
2026-08-05 07:52:30 [INFO]: [0mGET /images/logo/plantora.png [36m304[0m 0.307 ms - -[0m
2026-08-05 07:52:30 [INFO]: [0mGET /js/admin/layout.js [36m304[0m 0.473 ms - -[0m
2026-08-05 07:52:30 [INFO]: [0mGET /js/admin/users.js [36m304[0m 0.781 ms - -[0m
2026-08-05 07:52:30 [INFO]: [0mGET /js/header.js [36m304[0m 1.387 ms - -[0m
2026-08-05 07:52:30 [INFO]: [0mGET /js/notification.js [36m304[0m 1.739 ms - -[0m
2026-08-05 07:52:30 [INFO]: [0mGET /css/variables.css [36m304[0m 1.539 ms - -[0m
2026-08-05 07:52:30 [INFO]: [0mGET /css/utilities.css [36m304[0m 0.865 ms - -[0m
2026-08-05 07:52:30 [INFO]: [0mGET /css/animations.css [36m304[0m 0.486 ms - -[0m
2026-08-05 07:52:30 [INFO]: [0mGET /css/announcement.css [36m304[0m 1.182 ms - -[0m
2026-08-05 07:52:30 [INFO]: [0mGET /css/hero.css [36m304[0m 0.729 ms - -[0m
2026-08-05 07:52:30 [INFO]: [0mGET /css/featured.css [36m304[0m 1.539 ms - -[0m
2026-08-05 07:52:30 [INFO]: [0mGET /css/why-choose.css [36m304[0m 1.117 ms - -[0m
2026-08-05 07:52:30 [INFO]: [0mGET /css/footer.css [36m304[0m 1.506 ms - -[0m
2026-08-05 07:52:30 [INFO]: [0mGET /css/auth.css [36m304[0m 1.806 ms - -[0m
2026-08-05 07:52:30 [INFO]: [0mGET /css/verify.css [36m304[0m 0.234 ms - -[0m
2026-08-05 07:52:55 [INFO]: [0mPOST /admin/users [33m404[0m 128.960 ms - 76[0m
2026-08-05 07:53:09 [INFO]: User soft deleted. User ID: 6a6e638d68eaf947f1f6ba8a, Deleted By: 6a6e5ddb78646239551d1a66
2026-08-05 07:53:09 [ERROR]: Soft delete user failed: req.flash is not a function
2026-08-05 07:53:09 [ERROR]: TypeError: req.flash is not a function
    at softDeleteUser (E:\Webskitters_Academy\NODE JS\final_project_node\plantora_final_project_node_ejs\app\controllers\UserController.js:1128:11)
    at process.processTicksAndRejections (node:internal/process/task_queues:103:5)
2026-08-05 07:53:09 [INFO]: [0mPOST /admin/users/6a6e638d68eaf947f1f6ba8a/delete [31m500[0m 620.801 ms - 79[0m
2026-08-05 07:54:51 [INFO]: MongoDB connected successfully.
2026-08-05 08:09:31 [INFO]: MongoDB connected successfully.
2026-08-05 08:09:34 [INFO]: Email server connected successfully.
2026-08-05 08:09:34 [INFO]: Server is running on port 5132.
2026-08-05 08:09:34 [INFO]: [0mGET /admin/users [32m200[0m 310.890 ms - -[0m
2026-08-05 08:09:34 [INFO]: [0mGET /css/style.css [36m304[0m 3.020 ms - -[0m
2026-08-05 08:09:34 [INFO]: [0mGET /css/admin/layout.css [36m304[0m 3.749 ms - -[0m
2026-08-05 08:09:34 [INFO]: [0mGET /css/admin/users.css [36m304[0m 4.317 ms - -[0m
2026-08-05 08:09:34 [INFO]: [0mGET /css/header.css [36m304[0m 4.496 ms - -[0m
2026-08-05 08:09:34 [INFO]: [0mGET /images/logo/plantora.png [36m304[0m 4.917 ms - -[0m
2026-08-05 08:09:34 [INFO]: [0mGET /js/admin/layout.js [36m304[0m 1.679 ms - -[0m
2026-08-05 08:09:34 [INFO]: [0mGET /js/admin/users.js [36m304[0m 2.198 ms - -[0m
2026-08-05 08:09:34 [INFO]: [0mGET /js/header.js [36m304[0m 2.464 ms - -[0m
2026-08-05 08:09:34 [INFO]: [0mGET /js/notification.js [36m304[0m 3.277 ms - -[0m
2026-08-05 08:09:34 [INFO]: [0mGET /css/variables.css [36m304[0m 1.003 ms - -[0m
2026-08-05 08:09:34 [INFO]: [0mGET /css/utilities.css [36m304[0m 0.661 ms - -[0m
2026-08-05 08:09:34 [INFO]: [0mGET /css/animations.css [36m304[0m 1.088 ms - -[0m
2026-08-05 08:09:34 [INFO]: [0mGET /css/announcement.css [36m304[0m 1.560 ms - -[0m
2026-08-05 08:09:34 [INFO]: [0mGET /css/hero.css [36m304[0m 2.123 ms - -[0m
2026-08-05 08:09:34 [INFO]: [0mGET /css/featured.css [36m304[0m 3.201 ms - -[0m
2026-08-05 08:09:34 [INFO]: [0mGET /css/why-choose.css [36m304[0m 1.743 ms - -[0m
2026-08-05 08:09:34 [INFO]: [0mGET /css/footer.css [36m304[0m 1.557 ms - -[0m
2026-08-05 08:09:34 [INFO]: [0mGET /css/auth.css [36m304[0m 1.936 ms - -[0m
2026-08-05 08:09:34 [INFO]: [0mGET /css/verify.css [36m304[0m 2.143 ms - -[0m
2026-08-05 13:17:49 [INFO]: MongoDB connected successfully.
2026-08-05 13:17:53 [INFO]: Email server connected successfully.
2026-08-05 13:17:53 [INFO]: Server is running on port 5132.
2026-08-05 13:18:17 [INFO]: [0mGET / [32m200[0m 20.189 ms - -[0m
2026-08-05 13:18:17 [INFO]: [0mGET /css/style.css [36m304[0m 2.419 ms - -[0m
2026-08-05 13:18:17 [INFO]: [0mGET /images/logo/plantora.png [36m304[0m 3.109 ms - -[0m
2026-08-05 13:18:17 [INFO]: [0mGET /images/hero/hero-placeholder.png [36m304[0m 3.613 ms - -[0m
2026-08-05 13:18:17 [INFO]: [0mGET /images/hero/monstera-plant.jpg [36m304[0m 1.601 ms - -[0m
2026-08-05 13:18:17 [INFO]: [0mGET /images/hero/snake-plant.jpg [36m304[0m 1.918 ms - -[0m
2026-08-05 13:18:17 [INFO]: [0mGET /images/hero/peace-lily.jpg [36m304[0m 2.456 ms - -[0m
2026-08-05 13:18:17 [INFO]: [0mGET /js/header.js [36m304[0m 1.183 ms - -[0m
2026-08-05 13:18:17 [INFO]: [0mGET /css/variables.css [36m304[0m 1.975 ms - -[0m
2026-08-05 13:18:17 [INFO]: [0mGET /css/utilities.css [36m304[0m 2.272 ms - -[0m
2026-08-05 13:18:17 [INFO]: [0mGET /css/animations.css [36m304[0m 2.555 ms - -[0m
2026-08-05 13:18:17 [INFO]: [0mGET /css/announcement.css [36m304[0m 2.931 ms - -[0m
2026-08-05 13:18:17 [INFO]: [0mGET /css/header.css [36m304[0m 3.291 ms - -[0m
2026-08-05 13:18:17 [INFO]: [0mGET /css/featured.css [36m304[0m 1.725 ms - -[0m
2026-08-05 13:18:17 [INFO]: [0mGET /css/why-choose.css [36m304[0m 2.033 ms - -[0m
2026-08-05 13:18:17 [INFO]: [0mGET /css/footer.css [36m304[0m 2.030 ms - -[0m
2026-08-05 13:18:17 [INFO]: [0mGET /css/auth.css [36m304[0m 2.313 ms - -[0m
2026-08-05 13:18:17 [INFO]: [0mGET /css/hero.css [36m304[0m 2.631 ms - -[0m
2026-08-05 13:18:17 [INFO]: [0mGET /css/verify.css [36m304[0m 3.085 ms - -[0m
2026-08-05 13:18:17 [INFO]: [0mGET /js/featured.js [36m304[0m 0.809 ms - -[0m
2026-08-05 13:18:17 [INFO]: [0mGET /js/why-choose.js [36m304[0m 0.554 ms - -[0m
2026-08-05 13:18:17 [INFO]: [0mGET /js/notification.js [36m304[0m 1.267 ms - -[0m
2026-08-05 13:18:17 [INFO]: [0mGET /js/footer.js [36m304[0m 1.037 ms - -[0m
2026-08-05 13:18:17 [INFO]: [0mGET /js/auth.js [36m304[0m 0.502 ms - -[0m
2026-08-05 13:18:17 [INFO]: [0mGET /images/hero/tulip-plant.jpg [36m304[0m 0.755 ms - -[0m
2026-08-05 13:18:17 [INFO]: [0mGET /images/hero/rubber-plant.jpg [36m304[0m 0.234 ms - -[0m
2026-08-05 13:18:17 [INFO]: [0mGET /images/hero/aloe-vera.jpg [36m304[0m 0.637 ms - -[0m
2026-08-05 13:18:17 [INFO]: [0mGET /images/hero/areca-palm.jpg [36m304[0m 0.779 ms - -[0m
2026-08-05 13:18:17 [INFO]: [0mGET /images/hero/jade-plant.jpg [36m304[0m 1.168 ms - -[0m
2026-08-05 13:18:17 [INFO]: [0mGET /images/hero/golden-pothos.jpg [36m304[0m 0.366 ms - -[0m
2026-08-05 13:18:17 [INFO]: [0mGET /images/hero/fiddle-leaf-fig.jpg [36m304[0m 0.347 ms - -[0m
2026-08-05 13:18:17 [INFO]: [0mGET /images/hero/why-choose.jpg [36m304[0m 0.338 ms - -[0m
2026-08-05 13:18:17 [INFO]: [0mGET /images/logo/plantora-orgn-white.png [36m304[0m 0.398 ms - -[0m
2026-08-05 13:18:21 [INFO]: Login successful : admin-plantora@yopmail.com
2026-08-05 13:18:21 [INFO]: [0mPOST /auth/login [32m200[0m 831.648 ms - 46[0m
2026-08-05 13:18:22 [INFO]: [0mGET / [32m200[0m 215.920 ms - -[0m
2026-08-05 13:18:22 [INFO]: [0mGET /css/style.css [36m304[0m 0.670 ms - -[0m
2026-08-05 13:18:22 [INFO]: [0mGET /images/logo/plantora.png [36m304[0m 0.301 ms - -[0m
2026-08-05 13:18:22 [INFO]: [0mGET /images/hero/hero-placeholder.png [36m304[0m 0.227 ms - -[0m
2026-08-05 13:18:22 [INFO]: [0mGET /images/hero/monstera-plant.jpg [36m304[0m 0.274 ms - -[0m
2026-08-05 13:18:22 [INFO]: [0mGET /js/header.js [36m304[0m 0.363 ms - -[0m
2026-08-05 13:18:22 [INFO]: [0mGET /js/featured.js [36m304[0m 0.532 ms - -[0m
2026-08-05 13:18:22 [INFO]: [0mGET /js/why-choose.js [36m304[0m 0.881 ms - -[0m
2026-08-05 13:18:22 [INFO]: [0mGET /css/variables.css [36m304[0m 0.366 ms - -[0m
2026-08-05 13:18:22 [INFO]: [0mGET /css/utilities.css [36m304[0m 0.521 ms - -[0m
2026-08-05 13:18:22 [INFO]: [0mGET /css/animations.css [36m304[0m 0.908 ms - -[0m
2026-08-05 13:18:22 [INFO]: [0mGET /css/announcement.css [36m304[0m 0.604 ms - -[0m
2026-08-05 13:18:22 [INFO]: [0mGET /css/header.css [36m304[0m 0.517 ms - -[0m
2026-08-05 13:18:22 [INFO]: [0mGET /css/hero.css [36m304[0m 1.187 ms - -[0m
2026-08-05 13:18:22 [INFO]: [0mGET /css/featured.css [36m304[0m 0.833 ms - -[0m
2026-08-05 13:18:22 [INFO]: [0mGET /css/why-choose.css [36m304[0m 1.154 ms - -[0m
2026-08-05 13:18:22 [INFO]: [0mGET /css/footer.css [36m304[0m 0.793 ms - -[0m
2026-08-05 13:18:22 [INFO]: [0mGET /css/auth.css [36m304[0m 1.452 ms - -[0m
2026-08-05 13:18:22 [INFO]: [0mGET /css/verify.css [36m304[0m 1.700 ms - -[0m
2026-08-05 13:18:22 [INFO]: [0mGET /js/notification.js [36m304[0m 0.535 ms - -[0m
2026-08-05 13:18:22 [INFO]: [0mGET /js/footer.js [36m304[0m 0.614 ms - -[0m
2026-08-05 13:18:22 [INFO]: [0mGET /js/auth.js [36m304[0m 1.585 ms - -[0m
2026-08-05 13:18:22 [INFO]: [0mGET /images/hero/snake-plant.jpg [36m304[0m 0.757 ms - -[0m
2026-08-05 13:18:22 [INFO]: [0mGET /images/hero/peace-lily.jpg [36m304[0m 0.668 ms - -[0m
2026-08-05 13:18:22 [INFO]: [0mGET /images/hero/tulip-plant.jpg [36m304[0m 1.405 ms - -[0m
2026-08-05 13:18:22 [INFO]: [0mGET /images/hero/rubber-plant.jpg [36m304[0m 0.665 ms - -[0m
2026-08-05 13:18:22 [INFO]: [0mGET /images/hero/aloe-vera.jpg [36m304[0m 0.866 ms - -[0m
2026-08-05 13:18:22 [INFO]: [0mGET /images/hero/areca-palm.jpg [36m304[0m 0.261 ms - -[0m
2026-08-05 13:18:22 [INFO]: [0mGET /images/hero/jade-plant.jpg [36m304[0m 0.614 ms - -[0m
2026-08-05 13:18:22 [INFO]: [0mGET /images/hero/golden-pothos.jpg [36m304[0m 1.052 ms - -[0m
2026-08-05 13:18:22 [INFO]: [0mGET /images/hero/fiddle-leaf-fig.jpg [36m304[0m 0.882 ms - -[0m
2026-08-05 13:18:22 [INFO]: [0mGET /images/hero/why-choose.jpg [36m304[0m 0.295 ms - -[0m
2026-08-05 13:18:22 [INFO]: [0mGET /images/logo/plantora-orgn-white.png [36m304[0m 0.537 ms - -[0m
2026-08-05 13:18:25 [INFO]: [0mGET /auth/profile [36m304[0m 137.589 ms - -[0m
2026-08-05 13:18:25 [INFO]: [0mGET /css/style.css [36m304[0m 1.013 ms - -[0m
2026-08-05 13:18:25 [INFO]: [0mGET /css/profile.css [36m304[0m 1.340 ms - -[0m
2026-08-05 13:18:25 [INFO]: [0mGET /images/logo/plantora.png [36m304[0m 1.839 ms - -[0m
2026-08-05 13:18:25 [INFO]: [0mGET /js/profile.js [36m304[0m 2.329 ms - -[0m
2026-08-05 13:18:25 [INFO]: [0mGET /images/logo/plantora-orgn-white.png [36m304[0m 0.310 ms - -[0m
2026-08-05 13:18:25 [INFO]: [0mGET /js/header.js [36m304[0m 0.411 ms - -[0m
2026-08-05 13:18:25 [INFO]: [0mGET /js/featured.js [36m304[0m 0.677 ms - -[0m
2026-08-05 13:18:25 [INFO]: [0mGET /js/why-choose.js [36m304[0m 0.975 ms - -[0m
2026-08-05 13:18:25 [INFO]: [0mGET /js/notification.js [36m304[0m 1.885 ms - -[0m
2026-08-05 13:18:25 [INFO]: [0mGET /css/variables.css [36m304[0m 1.095 ms - -[0m
2026-08-05 13:18:25 [INFO]: [0mGET /css/utilities.css [36m304[0m 0.451 ms - -[0m
2026-08-05 13:18:25 [INFO]: [0mGET /css/animations.css [36m304[0m 0.708 ms - -[0m
2026-08-05 13:18:25 [INFO]: [0mGET /css/announcement.css [36m304[0m 1.307 ms - -[0m
2026-08-05 13:18:25 [INFO]: [0mGET /css/header.css [36m304[0m 2.305 ms - -[0m
2026-08-05 13:18:25 [INFO]: [0mGET /css/hero.css [36m304[0m 3.177 ms - -[0m
2026-08-05 13:18:25 [INFO]: [0mGET /css/featured.css [36m304[0m 1.583 ms - -[0m
2026-08-05 13:18:25 [INFO]: [0mGET /css/why-choose.css [36m304[0m 0.987 ms - -[0m
2026-08-05 13:18:25 [INFO]: [0mGET /css/footer.css [36m304[0m 1.089 ms - -[0m
2026-08-05 13:18:25 [INFO]: [0mGET /css/auth.css [36m304[0m 1.467 ms - -[0m
2026-08-05 13:18:25 [INFO]: [0mGET /css/verify.css [36m304[0m 1.753 ms - -[0m
2026-08-05 13:18:25 [INFO]: [0mGET /js/footer.js [36m304[0m 0.555 ms - -[0m
2026-08-05 13:18:25 [INFO]: [0mGET /js/auth.js [36m304[0m 0.827 ms - -[0m
2026-08-05 13:18:30 [INFO]: [0mGET /admin/dashboard [36m304[0m 195.731 ms - -[0m
2026-08-05 13:18:30 [INFO]: [0mGET /css/style.css [36m304[0m 1.153 ms - -[0m
2026-08-05 13:18:30 [INFO]: [0mGET /css/admin/layout.css [36m304[0m 1.081 ms - -[0m
2026-08-05 13:18:30 [INFO]: [0mGET /css/header.css [36m304[0m 1.858 ms - -[0m
2026-08-05 13:18:30 [INFO]: [0mGET /images/logo/plantora.png [36m304[0m 2.163 ms - -[0m
2026-08-05 13:18:30 [INFO]: [0mGET /css/admin/users.css [32m200[0m 4.274 ms - -[0m
2026-08-05 13:18:30 [INFO]: [0mGET /js/admin/layout.js [36m304[0m 0.666 ms - -[0m
2026-08-05 13:18:30 [INFO]: [0mGET /js/header.js [36m304[0m 0.484 ms - -[0m
2026-08-05 13:18:30 [INFO]: [0mGET /js/notification.js [36m304[0m 0.824 ms - -[0m
2026-08-05 13:18:30 [INFO]: [0mGET /css/variables.css [36m304[0m 0.795 ms - -[0m
2026-08-05 13:18:30 [INFO]: [0mGET /css/utilities.css [36m304[0m 2.028 ms - -[0m
2026-08-05 13:18:30 [INFO]: [0mGET /css/animations.css [36m304[0m 1.807 ms - -[0m
2026-08-05 13:18:30 [INFO]: [0mGET /css/announcement.css [36m304[0m 2.296 ms - -[0m
2026-08-05 13:18:30 [INFO]: [0mGET /js/admin/users.js [32m200[0m 2.792 ms - -[0m
2026-08-05 13:18:30 [INFO]: [0mGET /css/hero.css [36m304[0m 3.240 ms - -[0m
2026-08-05 13:18:30 [INFO]: [0mGET /css/featured.css [36m304[0m 0.722 ms - -[0m
2026-08-05 13:18:30 [INFO]: [0mGET /css/why-choose.css [36m304[0m 0.894 ms - -[0m
2026-08-05 13:18:30 [INFO]: [0mGET /css/footer.css [36m304[0m 1.768 ms - -[0m
2026-08-05 13:18:30 [INFO]: [0mGET /css/auth.css [36m304[0m 1.298 ms - -[0m
2026-08-05 13:18:30 [INFO]: [0mGET /css/verify.css [36m304[0m 0.697 ms - -[0m
2026-08-05 13:18:32 [INFO]: [0mGET /admin/users [32m200[0m 392.036 ms - -[0m
2026-08-05 13:18:32 [INFO]: [0mGET /css/style.css [36m304[0m 0.496 ms - -[0m
2026-08-05 13:18:32 [INFO]: [0mGET /css/admin/layout.css [36m304[0m 1.082 ms - -[0m
2026-08-05 13:18:32 [INFO]: [0mGET /css/admin/users.css [36m304[0m 0.666 ms - -[0m
2026-08-05 13:18:32 [INFO]: [0mGET /css/header.css [36m304[0m 0.369 ms - -[0m
2026-08-05 13:18:32 [INFO]: [0mGET /images/logo/plantora.png [36m304[0m 0.718 ms - -[0m
2026-08-05 13:18:32 [INFO]: [0mGET /js/admin/layout.js [36m304[0m 0.569 ms - -[0m
2026-08-05 13:18:32 [INFO]: [0mGET /js/admin/users.js [36m304[0m 0.902 ms - -[0m
2026-08-05 13:18:32 [INFO]: [0mGET /css/variables.css [36m304[0m 1.250 ms - -[0m
2026-08-05 13:18:32 [INFO]: [0mGET /js/header.js [36m304[0m 1.443 ms - -[0m
2026-08-05 13:18:32 [INFO]: [0mGET /js/notification.js [36m304[0m 1.667 ms - -[0m
2026-08-05 13:18:32 [INFO]: [0mGET /css/utilities.css [36m304[0m 0.508 ms - -[0m
2026-08-05 13:18:32 [INFO]: [0mGET /css/animations.css [36m304[0m 1.151 ms - -[0m
2026-08-05 13:18:32 [INFO]: [0mGET /css/announcement.css [36m304[0m 0.435 ms - -[0m
2026-08-05 13:18:32 [INFO]: [0mGET /css/hero.css [36m304[0m 0.700 ms - -[0m
2026-08-05 13:18:32 [INFO]: [0mGET /css/featured.css [36m304[0m 1.174 ms - -[0m
2026-08-05 13:18:32 [INFO]: [0mGET /css/why-choose.css [36m304[0m 1.524 ms - -[0m
2026-08-05 13:18:32 [INFO]: [0mGET /css/footer.css [36m304[0m 0.260 ms - -[0m
2026-08-05 13:18:32 [INFO]: [0mGET /css/auth.css [36m304[0m 0.476 ms - -[0m
2026-08-05 13:18:32 [INFO]: [0mGET /css/verify.css [36m304[0m 0.747 ms - -[0m
2026-08-05 13:19:43 [INFO]: [0mPOST /admin/users [33m404[0m 250.448 ms - 76[0m
2026-08-05 13:20:11 [INFO]: [0mGET /.well-known/appspecific/com.chrome.devtools.json [33m404[0m 72.826 ms - 112[0m
2026-08-05 13:20:50 [INFO]: [0mGET /admin/users [32m200[0m 168.519 ms - -[0m
2026-08-05 13:20:50 [INFO]: [0mGET /css/style.css [36m304[0m 0.528 ms - -[0m
2026-08-05 13:20:50 [INFO]: [0mGET /css/admin/layout.css [36m304[0m 0.741 ms - -[0m
2026-08-05 13:20:50 [INFO]: [0mGET /css/header.css [36m304[0m 0.595 ms - -[0m
2026-08-05 13:20:50 [INFO]: [0mGET /css/admin/users.css [36m304[0m 0.321 ms - -[0m
2026-08-05 13:20:50 [INFO]: [0mGET /images/logo/plantora.png [36m304[0m 0.784 ms - -[0m
2026-08-05 13:20:50 [INFO]: [0mGET /js/admin/layout.js [36m304[0m 0.349 ms - -[0m
2026-08-05 13:20:50 [INFO]: [0mGET /js/admin/users.js [36m304[0m 0.522 ms - -[0m
2026-08-05 13:20:50 [INFO]: [0mGET /js/header.js [36m304[0m 0.146 ms - -[0m
2026-08-05 13:20:50 [INFO]: [0mGET /css/variables.css [36m304[0m 0.227 ms - -[0m
2026-08-05 13:20:50 [INFO]: [0mGET /css/utilities.css [36m304[0m 0.477 ms - -[0m
2026-08-05 13:20:50 [INFO]: [0mGET /css/animations.css [36m304[0m 0.674 ms - -[0m
2026-08-05 13:20:50 [INFO]: [0mGET /css/announcement.css [36m304[0m 0.788 ms - -[0m
2026-08-05 13:20:50 [INFO]: [0mGET /css/hero.css [36m304[0m 1.287 ms - -[0m
2026-08-05 13:20:50 [INFO]: [0mGET /css/why-choose.css [36m304[0m 0.409 ms - -[0m
2026-08-05 13:20:50 [INFO]: [0mGET /css/featured.css [36m304[0m 0.600 ms - -[0m
2026-08-05 13:20:50 [INFO]: [0mGET /css/footer.css [36m304[0m 0.788 ms - -[0m
2026-08-05 13:20:50 [INFO]: [0mGET /css/auth.css [36m304[0m 1.057 ms - -[0m
2026-08-05 13:20:50 [INFO]: [0mGET /css/verify.css [36m304[0m 0.143 ms - -[0m
2026-08-05 13:20:50 [INFO]: [0mGET /js/notification.js [36m304[0m 0.261 ms - -[0m
2026-08-05 13:27:32 [INFO]: MongoDB connected successfully.
2026-08-05 13:27:35 [INFO]: Email server connected successfully.
2026-08-05 13:27:35 [INFO]: Server is running on port 5132.
2026-08-05 13:27:53 [INFO]: MongoDB connected successfully.
2026-08-05 13:27:56 [INFO]: Email server connected successfully.
2026-08-05 13:27:56 [INFO]: Server is running on port 5132.
2026-08-05 13:28:48 [INFO]: MongoDB connected successfully.
2026-08-05 13:28:51 [INFO]: Email server connected successfully.
2026-08-05 13:28:51 [INFO]: Server is running on port 5132.
2026-08-05 13:28:56 [INFO]: MongoDB connected successfully.
2026-08-05 13:28:59 [INFO]: Email server connected successfully.
2026-08-05 13:28:59 [INFO]: Server is running on port 5132.
2026-08-05 13:32:05 [INFO]: [0mGET /admin/dashboard [36m304[0m 245.795 ms - -[0m
2026-08-05 13:32:05 [INFO]: [0mGET /css/style.css [36m304[0m 6.993 ms - -[0m
2026-08-05 13:32:05 [INFO]: [0mGET /css/admin/layout.css [36m304[0m 6.066 ms - -[0m
2026-08-05 13:32:05 [INFO]: [0mGET /css/admin/users.css [36m304[0m 1.370 ms - -[0m
2026-08-05 13:32:05 [INFO]: [0mGET /images/logo/plantora.png [36m304[0m 1.819 ms - -[0m
2026-08-05 13:32:05 [INFO]: [0mGET /css/header.css [36m304[0m 2.093 ms - -[0m
2026-08-05 13:32:05 [INFO]: [0mGET /js/admin/layout.js [36m304[0m 1.970 ms - -[0m
2026-08-05 13:32:05 [INFO]: [0mGET /js/header.js [36m304[0m 3.483 ms - -[0m
2026-08-05 13:32:05 [INFO]: [0mGET /js/notification.js [36m304[0m 4.277 ms - -[0m
2026-08-05 13:32:05 [INFO]: [0mGET /css/variables.css [36m304[0m 5.368 ms - -[0m
2026-08-05 13:32:05 [INFO]: [0mGET /css/utilities.css [36m304[0m 1.000 ms - -[0m
2026-08-05 13:32:05 [INFO]: [0mGET /css/animations.css [36m304[0m 2.903 ms - -[0m
2026-08-05 13:32:05 [INFO]: [0mGET /css/announcement.css [36m304[0m 2.945 ms - -[0m
2026-08-05 13:32:05 [INFO]: [0mGET /css/hero.css [36m304[0m 3.232 ms - -[0m
2026-08-05 13:32:05 [INFO]: [0mGET /css/featured.css [36m304[0m 3.865 ms - -[0m
2026-08-05 13:32:05 [INFO]: [0mGET /css/why-choose.css [36m304[0m 0.974 ms - -[0m
2026-08-05 13:32:05 [INFO]: [0mGET /js/admin/users.js [32m200[0m 12.001 ms - -[0m
2026-08-05 13:32:05 [INFO]: [0mGET /css/auth.css [36m304[0m 1.775 ms - -[0m
2026-08-05 13:32:05 [INFO]: [0mGET /css/footer.css [36m304[0m 2.376 ms - -[0m
2026-08-05 13:32:05 [INFO]: [0mGET /css/verify.css [36m304[0m 2.615 ms - -[0m
2026-08-05 13:32:07 [INFO]: [0mGET /admin/dashboard [36m304[0m 282.518 ms - -[0m
2026-08-05 13:32:07 [INFO]: [0mGET /css/style.css [36m304[0m 1.387 ms - -[0m
2026-08-05 13:32:07 [INFO]: [0mGET /css/admin/layout.css [36m304[0m 1.560 ms - -[0m
2026-08-05 13:32:07 [INFO]: [0mGET /css/admin/users.css [36m304[0m 1.984 ms - -[0m
2026-08-05 13:32:07 [INFO]: [0mGET /css/header.css [36m304[0m 2.504 ms - -[0m
2026-08-05 13:32:07 [INFO]: [0mGET /images/logo/plantora.png [36m304[0m 2.715 ms - -[0m
2026-08-05 13:32:07 [INFO]: [0mGET /js/admin/layout.js [36m304[0m 0.381 ms - -[0m
2026-08-05 13:32:07 [INFO]: [0mGET /js/admin/users.js [36m304[0m 1.041 ms - -[0m
2026-08-05 13:32:07 [INFO]: [0mGET /js/header.js [36m304[0m 0.824 ms - -[0m
2026-08-05 13:32:07 [INFO]: [0mGET /js/notification.js [36m304[0m 1.035 ms - -[0m
2026-08-05 13:32:07 [INFO]: [0mGET /css/variables.css [36m304[0m 0.653 ms - -[0m
2026-08-05 13:32:07 [INFO]: [0mGET /css/utilities.css [36m304[0m 1.396 ms - -[0m
2026-08-05 13:32:07 [INFO]: [0mGET /css/animations.css [36m304[0m 1.758 ms - -[0m
2026-08-05 13:32:07 [INFO]: [0mGET /css/announcement.css [36m304[0m 2.270 ms - -[0m
2026-08-05 13:32:07 [INFO]: [0mGET /css/hero.css [36m304[0m 3.072 ms - -[0m
2026-08-05 13:32:07 [INFO]: [0mGET /css/featured.css [36m304[0m 1.060 ms - -[0m
2026-08-05 13:32:07 [INFO]: [0mGET /css/why-choose.css [36m304[0m 0.640 ms - -[0m
2026-08-05 13:32:07 [INFO]: [0mGET /css/footer.css [36m304[0m 0.413 ms - -[0m
2026-08-05 13:32:07 [INFO]: [0mGET /css/auth.css [36m304[0m 0.740 ms - -[0m
2026-08-05 13:32:07 [INFO]: [0mGET /css/verify.css [36m304[0m 1.070 ms - -[0m
2026-08-05 13:32:08 [INFO]: Logout successful : admin-plantora@yopmail.com
2026-08-05 13:32:08 [INFO]: [0mPOST /auth/logout [36m302[0m 780.883 ms - 30[0m
2026-08-05 13:32:08 [INFO]: [0mGET / [32m200[0m 5.361 ms - -[0m
2026-08-05 13:32:08 [INFO]: [0mGET /css/style.css [36m304[0m 0.476 ms - -[0m
2026-08-05 13:32:08 [INFO]: [0mGET /images/logo/plantora.png [36m304[0m 0.403 ms - -[0m
2026-08-05 13:32:08 [INFO]: [0mGET /images/hero/hero-placeholder.png [36m304[0m 0.263 ms - -[0m
2026-08-05 13:32:09 [INFO]: [0mGET /images/hero/monstera-plant.jpg [36m304[0m 1.820 ms - -[0m
2026-08-05 13:32:09 [INFO]: [0mGET /images/hero/snake-plant.jpg [36m304[0m 1.817 ms - -[0m
2026-08-05 13:32:09 [INFO]: [0mGET /images/hero/peace-lily.jpg [36m304[0m 2.054 ms - -[0m
2026-08-05 13:32:09 [INFO]: [0mGET /js/header.js [36m304[0m 1.921 ms - -[0m
2026-08-05 13:32:09 [INFO]: [0mGET /css/variables.css [36m304[0m 0.700 ms - -[0m
2026-08-05 13:32:09 [INFO]: [0mGET /css/utilities.css [36m304[0m 1.552 ms - -[0m
2026-08-05 13:32:09 [INFO]: [0mGET /css/animations.css [36m304[0m 2.138 ms - -[0m
2026-08-05 13:32:09 [INFO]: [0mGET /css/announcement.css [36m304[0m 2.964 ms - -[0m
2026-08-05 13:32:09 [INFO]: [0mGET /css/header.css [36m304[0m 3.685 ms - -[0m
2026-08-05 13:32:09 [INFO]: [0mGET /css/hero.css [36m304[0m 0.958 ms - -[0m
2026-08-05 13:32:09 [INFO]: [0mGET /css/featured.css [36m304[0m 0.594 ms - -[0m
2026-08-05 13:32:09 [INFO]: [0mGET /css/footer.css [36m304[0m 0.879 ms - -[0m
2026-08-05 13:32:09 [INFO]: [0mGET /css/why-choose.css [36m304[0m 1.500 ms - -[0m
2026-08-05 13:32:09 [INFO]: [0mGET /css/auth.css [36m304[0m 2.635 ms - -[0m
2026-08-05 13:32:09 [INFO]: [0mGET /css/verify.css [36m304[0m 0.680 ms - -[0m
2026-08-05 13:32:09 [INFO]: [0mGET /js/featured.js [36m304[0m 1.096 ms - -[0m
2026-08-05 13:32:09 [INFO]: [0mGET /js/why-choose.js [36m304[0m 1.745 ms - -[0m
2026-08-05 13:32:09 [INFO]: [0mGET /js/notification.js [36m304[0m 2.132 ms - -[0m
2026-08-05 13:32:09 [INFO]: [0mGET /js/footer.js [36m304[0m 2.431 ms - -[0m
2026-08-05 13:32:09 [INFO]: [0mGET /js/auth.js [36m304[0m 2.948 ms - -[0m
2026-08-05 13:32:09 [INFO]: [0mGET /images/hero/tulip-plant.jpg [36m304[0m 0.326 ms - -[0m
2026-08-05 13:32:09 [INFO]: [0mGET /images/hero/rubber-plant.jpg [36m304[0m 0.610 ms - -[0m
2026-08-05 13:32:09 [INFO]: [0mGET /images/hero/aloe-vera.jpg [36m304[0m 1.024 ms - -[0m
2026-08-05 13:32:09 [INFO]: [0mGET /images/hero/areca-palm.jpg [36m304[0m 0.513 ms - -[0m
2026-08-05 13:32:09 [INFO]: [0mGET /images/hero/jade-plant.jpg [36m304[0m 0.792 ms - -[0m
2026-08-05 13:32:09 [INFO]: [0mGET /images/hero/golden-pothos.jpg [36m304[0m 0.406 ms - -[0m
2026-08-05 13:32:09 [INFO]: [0mGET /images/hero/fiddle-leaf-fig.jpg [36m304[0m 0.325 ms - -[0m
2026-08-05 13:32:09 [INFO]: [0mGET /images/hero/why-choose.jpg [36m304[0m 0.274 ms - -[0m
2026-08-05 13:32:09 [INFO]: [0mGET /images/logo/plantora-orgn-white.png [36m304[0m 0.407 ms - -[0m
2026-08-05 13:32:14 [INFO]: SIGINT received. Shutting down server...
2026-08-05 13:33:49 [INFO]: MongoDB connected successfully.
2026-08-05 13:33:52 [INFO]: Email server connected successfully.
2026-08-05 13:33:52 [INFO]: Server is running on port 5132.
2026-08-05 13:33:54 [INFO]: Login successful : admin-plantora@yopmail.com
2026-08-05 13:33:54 [INFO]: [0mPOST /auth/login [32m200[0m 526.237 ms - 46[0m
2026-08-05 13:33:55 [INFO]: [0mGET / [32m200[0m 215.556 ms - -[0m
2026-08-05 13:33:55 [INFO]: [0mGET /css/style.css [36m304[0m 1.750 ms - -[0m
2026-08-05 13:33:55 [INFO]: [0mGET /images/logo/plantora.png [36m304[0m 1.952 ms - -[0m
2026-08-05 13:33:55 [INFO]: [0mGET /images/hero/hero-placeholder.png [36m304[0m 0.960 ms - -[0m
2026-08-05 13:33:55 [INFO]: [0mGET /images/hero/monstera-plant.jpg [36m304[0m 1.165 ms - -[0m
2026-08-05 13:33:55 [INFO]: [0mGET /js/header.js [36m304[0m 0.423 ms - -[0m
2026-08-05 13:33:55 [INFO]: [0mGET /js/featured.js [36m304[0m 0.530 ms - -[0m
2026-08-05 13:33:55 [INFO]: [0mGET /js/why-choose.js [36m304[0m 0.963 ms - -[0m
2026-08-05 13:33:55 [INFO]: [0mGET /css/variables.css [36m304[0m 0.559 ms - -[0m
2026-08-05 13:33:55 [INFO]: [0mGET /css/utilities.css [36m304[0m 1.298 ms - -[0m
2026-08-05 13:33:55 [INFO]: [0mGET /css/animations.css [36m304[0m 1.317 ms - -[0m
2026-08-05 13:33:55 [INFO]: [0mGET /css/announcement.css [36m304[0m 2.154 ms - -[0m
2026-08-05 13:33:55 [INFO]: [0mGET /css/header.css [36m304[0m 2.678 ms - -[0m
2026-08-05 13:33:55 [INFO]: [0mGET /css/featured.css [36m304[0m 3.163 ms - -[0m
2026-08-05 13:33:55 [INFO]: [0mGET /css/hero.css [36m304[0m 5.427 ms - -[0m
2026-08-05 13:33:55 [INFO]: [0mGET /css/why-choose.css [36m304[0m 1.379 ms - -[0m
2026-08-05 13:33:55 [INFO]: [0mGET /css/footer.css [36m304[0m 2.257 ms - -[0m
2026-08-05 13:33:55 [INFO]: [0mGET /css/auth.css [36m304[0m 1.132 ms - -[0m
2026-08-05 13:33:55 [INFO]: [0mGET /css/verify.css [36m304[0m 1.370 ms - -[0m
2026-08-05 13:33:55 [INFO]: [0mGET /js/notification.js [36m304[0m 0.252 ms - -[0m
2026-08-05 13:33:55 [INFO]: [0mGET /js/footer.js [36m304[0m 0.247 ms - -[0m
2026-08-05 13:33:55 [INFO]: [0mGET /js/auth.js [36m304[0m 0.518 ms - -[0m
2026-08-05 13:33:55 [INFO]: [0mGET /images/hero/snake-plant.jpg [36m304[0m 1.090 ms - -[0m
2026-08-05 13:33:55 [INFO]: [0mGET /images/hero/peace-lily.jpg [36m304[0m 2.031 ms - -[0m
2026-08-05 13:33:55 [INFO]: [0mGET /images/hero/tulip-plant.jpg [36m304[0m 1.605 ms - -[0m
2026-08-05 13:33:55 [INFO]: [0mGET /images/hero/rubber-plant.jpg [36m304[0m 1.490 ms - -[0m
2026-08-05 13:33:55 [INFO]: [0mGET /images/hero/aloe-vera.jpg [36m304[0m 0.568 ms - -[0m
2026-08-05 13:33:55 [INFO]: [0mGET /images/hero/areca-palm.jpg [36m304[0m 0.418 ms - -[0m
2026-08-05 13:33:55 [INFO]: [0mGET /images/hero/jade-plant.jpg [36m304[0m 0.288 ms - -[0m
2026-08-05 13:33:55 [INFO]: [0mGET /images/hero/golden-pothos.jpg [36m304[0m 0.342 ms - -[0m
2026-08-05 13:33:55 [INFO]: [0mGET /images/hero/fiddle-leaf-fig.jpg [36m304[0m 0.627 ms - -[0m
2026-08-05 13:33:55 [INFO]: [0mGET /images/hero/why-choose.jpg [36m304[0m 0.406 ms - -[0m
2026-08-05 13:33:55 [INFO]: [0mGET /images/logo/plantora-orgn-white.png [36m304[0m 0.707 ms - -[0m
2026-08-05 13:33:58 [INFO]: [0mGET /auth/profile [36m304[0m 382.705 ms - -[0m
2026-08-05 13:33:58 [INFO]: [0mGET /css/style.css [36m304[0m 0.522 ms - -[0m
2026-08-05 13:33:58 [INFO]: [0mGET /css/profile.css [36m304[0m 1.493 ms - -[0m
2026-08-05 13:33:58 [INFO]: [0mGET /images/logo/plantora.png [36m304[0m 0.992 ms - -[0m
2026-08-05 13:33:58 [INFO]: [0mGET /js/profile.js [36m304[0m 1.146 ms - -[0m
2026-08-05 13:33:58 [INFO]: [0mGET /images/logo/plantora-orgn-white.png [36m304[0m 0.299 ms - -[0m
2026-08-05 13:33:58 [INFO]: [0mGET /js/header.js [36m304[0m 0.685 ms - -[0m
2026-08-05 13:33:58 [INFO]: [0mGET /js/featured.js [36m304[0m 1.102 ms - -[0m
2026-08-05 13:33:58 [INFO]: [0mGET /js/why-choose.js [36m304[0m 1.563 ms - -[0m
2026-08-05 13:33:58 [INFO]: [0mGET /js/notification.js [36m304[0m 2.044 ms - -[0m
2026-08-05 13:33:58 [INFO]: [0mGET /css/variables.css [36m304[0m 0.722 ms - -[0m
2026-08-05 13:33:58 [INFO]: [0mGET /css/utilities.css [36m304[0m 1.104 ms - -[0m
2026-08-05 13:33:58 [INFO]: [0mGET /css/animations.css [36m304[0m 0.655 ms - -[0m
2026-08-05 13:33:58 [INFO]: [0mGET /css/announcement.css [36m304[0m 1.338 ms - -[0m
2026-08-05 13:33:58 [INFO]: [0mGET /css/header.css [36m304[0m 1.106 ms - -[0m
2026-08-05 13:33:58 [INFO]: [0mGET /css/hero.css [36m304[0m 1.541 ms - -[0m
2026-08-05 13:33:58 [INFO]: [0mGET /css/featured.css [36m304[0m 1.733 ms - -[0m
2026-08-05 13:33:58 [INFO]: [0mGET /css/why-choose.css [36m304[0m 0.989 ms - -[0m
2026-08-05 13:33:58 [INFO]: [0mGET /css/footer.css [36m304[0m 0.277 ms - -[0m
2026-08-05 13:33:58 [INFO]: [0mGET /css/auth.css [36m304[0m 0.961 ms - -[0m
2026-08-05 13:33:58 [INFO]: [0mGET /css/verify.css [36m304[0m 0.341 ms - -[0m
2026-08-05 13:33:58 [INFO]: [0mGET /js/footer.js [36m304[0m 0.356 ms - -[0m
2026-08-05 13:33:58 [INFO]: [0mGET /js/auth.js [36m304[0m 0.635 ms - -[0m
2026-08-05 13:33:59 [INFO]: [0mGET / [36m304[0m 90.116 ms - -[0m
2026-08-05 13:33:59 [INFO]: [0mGET /css/style.css [36m304[0m 0.938 ms - -[0m
2026-08-05 13:33:59 [INFO]: [0mGET /images/logo/plantora.png [36m304[0m 1.240 ms - -[0m
2026-08-05 13:33:59 [INFO]: [0mGET /images/hero/hero-placeholder.png [36m304[0m 1.415 ms - -[0m
2026-08-05 13:33:59 [INFO]: [0mGET /images/hero/monstera-plant.jpg [36m304[0m 2.504 ms - -[0m
2026-08-05 13:33:59 [INFO]: [0mGET /js/header.js [36m304[0m 1.720 ms - -[0m
2026-08-05 13:33:59 [INFO]: [0mGET /js/featured.js [36m304[0m 1.850 ms - -[0m
2026-08-05 13:33:59 [INFO]: [0mGET /js/why-choose.js [36m304[0m 2.076 ms - -[0m
2026-08-05 13:33:59 [INFO]: [0mGET /js/notification.js [36m304[0m 3.143 ms - -[0m
2026-08-05 13:33:59 [INFO]: [0mGET /css/variables.css [36m304[0m 0.648 ms - -[0m
2026-08-05 13:33:59 [INFO]: [0mGET /css/utilities.css [36m304[0m 0.432 ms - -[0m
2026-08-05 13:33:59 [INFO]: [0mGET /css/animations.css [36m304[0m 0.504 ms - -[0m
2026-08-05 13:33:59 [INFO]: [0mGET /css/announcement.css [36m304[0m 0.825 ms - -[0m
2026-08-05 13:33:59 [INFO]: [0mGET /css/header.css [36m304[0m 1.234 ms - -[0m
2026-08-05 13:33:59 [INFO]: [0mGET /css/hero.css [36m304[0m 1.713 ms - -[0m
2026-08-05 13:33:59 [INFO]: [0mGET /css/featured.css [36m304[0m 0.906 ms - -[0m
2026-08-05 13:33:59 [INFO]: [0mGET /css/why-choose.css [36m304[0m 0.732 ms - -[0m
2026-08-05 13:33:59 [INFO]: [0mGET /css/footer.css [36m304[0m 0.452 ms - -[0m
2026-08-05 13:33:59 [INFO]: [0mGET /css/auth.css [36m304[0m 0.837 ms - -[0m
2026-08-05 13:33:59 [INFO]: [0mGET /css/verify.css [36m304[0m 1.170 ms - -[0m
2026-08-05 13:33:59 [INFO]: [0mGET /js/footer.js [36m304[0m 0.786 ms - -[0m
2026-08-05 13:33:59 [INFO]: [0mGET /js/auth.js [36m304[0m 1.076 ms - -[0m
2026-08-05 13:33:59 [INFO]: [0mGET /images/hero/snake-plant.jpg [36m304[0m 1.912 ms - -[0m
2026-08-05 13:33:59 [INFO]: [0mGET /images/hero/peace-lily.jpg [36m304[0m 0.914 ms - -[0m
2026-08-05 13:33:59 [INFO]: [0mGET /images/hero/tulip-plant.jpg [36m304[0m 0.945 ms - -[0m
2026-08-05 13:33:59 [INFO]: [0mGET /images/hero/rubber-plant.jpg [36m304[0m 1.509 ms - -[0m
2026-08-05 13:33:59 [INFO]: [0mGET /images/hero/aloe-vera.jpg [36m304[0m 0.438 ms - -[0m
2026-08-05 13:33:59 [INFO]: [0mGET /images/hero/areca-palm.jpg [36m304[0m 0.511 ms - -[0m
2026-08-05 13:33:59 [INFO]: [0mGET /images/hero/jade-plant.jpg [36m304[0m 0.445 ms - -[0m
2026-08-05 13:33:59 [INFO]: [0mGET /images/hero/golden-pothos.jpg [36m304[0m 0.732 ms - -[0m
2026-08-05 13:33:59 [INFO]: [0mGET /images/hero/fiddle-leaf-fig.jpg [36m304[0m 0.369 ms - -[0m
2026-08-05 13:33:59 [INFO]: [0mGET /images/hero/why-choose.jpg [36m304[0m 0.910 ms - -[0m
2026-08-05 13:33:59 [INFO]: [0mGET /images/logo/plantora-orgn-white.png [36m304[0m 1.723 ms - -[0m
2026-08-05 13:34:01 [INFO]: [0mGET /admin/dashboard [32m200[0m 116.792 ms - -[0m
2026-08-05 13:34:01 [INFO]: [0mGET /css/style.css [36m304[0m 0.488 ms - -[0m
2026-08-05 13:34:01 [INFO]: [0mGET /css/admin/layout.css [36m304[0m 0.368 ms - -[0m
2026-08-05 13:34:01 [INFO]: [0mGET /css/admin/users.css [36m304[0m 0.850 ms - -[0m
2026-08-05 13:34:01 [INFO]: [0mGET /css/header.css [36m304[0m 1.664 ms - -[0m
2026-08-05 13:34:01 [INFO]: [0mGET /images/logo/plantora.png [36m304[0m 0.735 ms - -[0m
2026-08-05 13:34:01 [INFO]: [0mGET /js/admin/layout.js [36m304[0m 0.310 ms - -[0m
2026-08-05 13:34:01 [INFO]: [0mGET /js/admin/users.js [36m304[0m 0.272 ms - -[0m
2026-08-05 13:34:01 [INFO]: [0mGET /js/header.js [36m304[0m 0.463 ms - -[0m
2026-08-05 13:34:01 [INFO]: [0mGET /js/notification.js [36m304[0m 1.085 ms - -[0m
2026-08-05 13:34:01 [INFO]: [0mGET /css/variables.css [36m304[0m 0.557 ms - -[0m
2026-08-05 13:34:01 [INFO]: [0mGET /css/utilities.css [36m304[0m 0.708 ms - -[0m
2026-08-05 13:34:01 [INFO]: [0mGET /css/animations.css [36m304[0m 0.996 ms - -[0m
2026-08-05 13:34:01 [INFO]: [0mGET /css/announcement.css [36m304[0m 1.441 ms - -[0m
2026-08-05 13:34:01 [INFO]: [0mGET /css/hero.css [36m304[0m 1.811 ms - -[0m
2026-08-05 13:34:01 [INFO]: [0mGET /css/featured.css [36m304[0m 1.280 ms - -[0m
2026-08-05 13:34:01 [INFO]: [0mGET /css/why-choose.css [36m304[0m 0.877 ms - -[0m
2026-08-05 13:34:01 [INFO]: [0mGET /css/footer.css [36m304[0m 1.041 ms - -[0m
2026-08-05 13:34:01 [INFO]: [0mGET /css/auth.css [36m304[0m 1.469 ms - -[0m
2026-08-05 13:34:01 [INFO]: [0mGET /css/verify.css [36m304[0m 1.249 ms - -[0m
2026-08-05 13:34:03 [INFO]: [0mGET / [36m304[0m 188.658 ms - -[0m
2026-08-05 13:34:03 [INFO]: [0mGET /css/style.css [36m304[0m 0.787 ms - -[0m
2026-08-05 13:34:03 [INFO]: [0mGET /images/logo/plantora.png [36m304[0m 1.737 ms - -[0m
2026-08-05 13:34:03 [INFO]: [0mGET /images/hero/hero-placeholder.png [36m304[0m 2.064 ms - -[0m
2026-08-05 13:34:03 [INFO]: [0mGET /images/hero/monstera-plant.jpg [36m304[0m 0.552 ms - -[0m
2026-08-05 13:34:03 [INFO]: [0mGET /js/header.js [36m304[0m 0.654 ms - -[0m
2026-08-05 13:34:03 [INFO]: [0mGET /js/featured.js [36m304[0m 0.319 ms - -[0m
2026-08-05 13:34:03 [INFO]: [0mGET /js/why-choose.js [36m304[0m 0.462 ms - -[0m
2026-08-05 13:34:03 [INFO]: [0mGET /js/notification.js [36m304[0m 0.788 ms - -[0m
2026-08-05 13:34:03 [INFO]: [0mGET /css/variables.css [36m304[0m 0.432 ms - -[0m
2026-08-05 13:34:03 [INFO]: [0mGET /css/utilities.css [36m304[0m 0.536 ms - -[0m
2026-08-05 13:34:03 [INFO]: [0mGET /css/animations.css [36m304[0m 1.188 ms - -[0m
2026-08-05 13:34:03 [INFO]: [0mGET /css/announcement.css [36m304[0m 0.552 ms - -[0m
2026-08-05 13:34:03 [INFO]: [0mGET /css/header.css [36m304[0m 0.551 ms - -[0m
2026-08-05 13:34:03 [INFO]: [0mGET /css/hero.css [36m304[0m 1.065 ms - -[0m
2026-08-05 13:34:03 [INFO]: [0mGET /css/featured.css [36m304[0m 1.214 ms - -[0m
2026-08-05 13:34:03 [INFO]: [0mGET /css/why-choose.css [36m304[0m 1.355 ms - -[0m
2026-08-05 13:34:03 [INFO]: [0mGET /css/auth.css [36m304[0m 1.638 ms - -[0m
2026-08-05 13:34:03 [INFO]: [0mGET /css/footer.css [36m304[0m 2.222 ms - -[0m
2026-08-05 13:34:03 [INFO]: [0mGET /css/verify.css [36m304[0m 0.331 ms - -[0m
2026-08-05 13:34:03 [INFO]: [0mGET /js/footer.js [36m304[0m 0.572 ms - -[0m
2026-08-05 13:34:03 [INFO]: [0mGET /js/auth.js [36m304[0m 0.345 ms - -[0m
2026-08-05 13:34:03 [INFO]: [0mGET /images/hero/snake-plant.jpg [36m304[0m 0.305 ms - -[0m
2026-08-05 13:34:03 [INFO]: [0mGET /images/hero/peace-lily.jpg [36m304[0m 0.638 ms - -[0m
2026-08-05 13:34:03 [INFO]: [0mGET /images/hero/tulip-plant.jpg [36m304[0m 0.524 ms - -[0m
2026-08-05 13:34:03 [INFO]: [0mGET /images/hero/rubber-plant.jpg [36m304[0m 1.350 ms - -[0m
2026-08-05 13:34:03 [INFO]: [0mGET /images/hero/aloe-vera.jpg [36m304[0m 0.856 ms - -[0m
2026-08-05 13:34:03 [INFO]: [0mGET /images/hero/areca-palm.jpg [36m304[0m 1.388 ms - -[0m
2026-08-05 13:34:03 [INFO]: [0mGET /images/hero/jade-plant.jpg [36m304[0m 0.450 ms - -[0m
2026-08-05 13:34:03 [INFO]: [0mGET /images/hero/golden-pothos.jpg [36m304[0m 0.886 ms - -[0m
2026-08-05 13:34:03 [INFO]: [0mGET /images/hero/fiddle-leaf-fig.jpg [36m304[0m 1.903 ms - -[0m
2026-08-05 13:34:03 [INFO]: [0mGET /images/hero/why-choose.jpg [36m304[0m 2.523 ms - -[0m
2026-08-05 13:34:03 [INFO]: [0mGET /images/logo/plantora-orgn-white.png [36m304[0m 0.314 ms - -[0m
2026-08-05 13:34:05 [INFO]: Logout successful : admin-plantora@yopmail.com
2026-08-05 13:34:05 [INFO]: [0mPOST /auth/logout [36m302[0m 523.669 ms - 30[0m
2026-08-05 13:34:05 [INFO]: [0mGET / [32m200[0m 3.828 ms - -[0m
2026-08-05 13:34:05 [INFO]: [0mGET /css/style.css [36m304[0m 0.849 ms - -[0m
2026-08-05 13:34:05 [INFO]: [0mGET /images/logo/plantora.png [36m304[0m 0.335 ms - -[0m
2026-08-05 13:34:05 [INFO]: [0mGET /images/hero/hero-placeholder.png [36m304[0m 0.559 ms - -[0m
2026-08-05 13:34:05 [INFO]: [0mGET /images/hero/monstera-plant.jpg [36m304[0m 0.181 ms - -[0m
2026-08-05 13:34:05 [INFO]: [0mGET /images/hero/snake-plant.jpg [36m304[0m 0.288 ms - -[0m
2026-08-05 13:34:05 [INFO]: [0mGET /images/hero/peace-lily.jpg [36m304[0m 0.874 ms - -[0m
2026-08-05 13:34:05 [INFO]: [0mGET /js/header.js [36m304[0m 1.102 ms - -[0m
2026-08-05 13:34:05 [INFO]: [0mGET /js/featured.js [36m304[0m 0.435 ms - -[0m
2026-08-05 13:34:05 [INFO]: [0mGET /js/why-choose.js [36m304[0m 0.340 ms - -[0m
2026-08-05 13:34:05 [INFO]: [0mGET /css/variables.css [36m304[0m 0.289 ms - -[0m
2026-08-05 13:34:05 [INFO]: [0mGET /css/utilities.css [36m304[0m 1.147 ms - -[0m
2026-08-05 13:34:05 [INFO]: [0mGET /css/animations.css [36m304[0m 1.341 ms - -[0m
2026-08-05 13:34:05 [INFO]: [0mGET /css/announcement.css [36m304[0m 1.523 ms - -[0m
2026-08-05 13:34:05 [INFO]: [0mGET /css/header.css [36m304[0m 1.728 ms - -[0m
2026-08-05 13:34:05 [INFO]: [0mGET /css/hero.css [36m304[0m 2.200 ms - -[0m
2026-08-05 13:34:05 [INFO]: [0mGET /css/featured.css [36m304[0m 0.760 ms - -[0m
2026-08-05 13:34:05 [INFO]: [0mGET /css/why-choose.css [36m304[0m 1.168 ms - -[0m
2026-08-05 13:34:05 [INFO]: [0mGET /css/footer.css [36m304[0m 1.493 ms - -[0m
2026-08-05 13:34:05 [INFO]: [0mGET /css/auth.css [36m304[0m 2.923 ms - -[0m
2026-08-05 13:34:05 [INFO]: [0mGET /css/verify.css [36m304[0m 0.705 ms - -[0m
2026-08-05 13:34:05 [INFO]: [0mGET /js/notification.js [36m304[0m 0.651 ms - -[0m
2026-08-05 13:34:05 [INFO]: [0mGET /js/footer.js [36m304[0m 1.286 ms - -[0m
2026-08-05 13:34:05 [INFO]: [0mGET /js/auth.js [36m304[0m 1.639 ms - -[0m
2026-08-05 13:34:05 [INFO]: [0mGET /images/hero/tulip-plant.jpg [36m304[0m 0.690 ms - -[0m
2026-08-05 13:34:05 [INFO]: [0mGET /images/hero/rubber-plant.jpg [36m304[0m 0.810 ms - -[0m
2026-08-05 13:34:05 [INFO]: [0mGET /images/hero/aloe-vera.jpg [36m304[0m 0.956 ms - -[0m
2026-08-05 13:34:05 [INFO]: [0mGET /images/hero/areca-palm.jpg [36m304[0m 1.268 ms - -[0m
2026-08-05 13:34:05 [INFO]: [0mGET /images/hero/jade-plant.jpg [36m304[0m 0.501 ms - -[0m
2026-08-05 13:34:05 [INFO]: [0mGET /images/hero/golden-pothos.jpg [36m304[0m 0.945 ms - -[0m
2026-08-05 13:34:05 [INFO]: [0mGET /images/hero/fiddle-leaf-fig.jpg [36m304[0m 1.277 ms - -[0m
2026-08-05 13:34:05 [INFO]: [0mGET /images/hero/why-choose.jpg [36m304[0m 0.627 ms - -[0m
2026-08-05 13:34:05 [INFO]: [0mGET /images/logo/plantora-orgn-white.png [36m304[0m 0.456 ms - -[0m
2026-08-05 13:34:09 [INFO]: SIGINT received. Shutting down server...
2026-08-05 14:35:36 [INFO]: MongoDB connected successfully.
2026-08-05 14:35:39 [INFO]: Email server connected successfully.
2026-08-05 14:35:39 [INFO]: Server is running on port 5132.
2026-08-05 15:20:11 [INFO]: SIGINT received. Shutting down server...
