2026-07-24 02:17:09 [ERROR]: Error: Cannot find module '../utils/hashToken'
Require stack:
- E:\Webskitters_Academy\NODE JS\final_project_node\green_nest_final_project_node_ejs\app\controllers\authController.js
- E:\Webskitters_Academy\NODE JS\final_project_node\green_nest_final_project_node_ejs\app\routes\authRoutes.js
- E:\Webskitters_Academy\NODE JS\final_project_node\green_nest_final_project_node_ejs\app.js
- E:\Webskitters_Academy\NODE JS\final_project_node\green_nest_final_project_node_ejs\server.js
    at Module._resolveFilename (node:internal/modules/cjs/loader:1421:15)
    at defaultResolveImpl (node:internal/modules/cjs/loader:1059:19)
    at resolveForCJSWithHooks (node:internal/modules/cjs/loader:1064:22)
    at Module._load (node:internal/modules/cjs/loader:1227:37)
    at TracingChannel.traceSync (node:diagnostics_channel:328:14)
    at wrapModuleLoad (node:internal/modules/cjs/loader:245:24)
    at Module.require (node:internal/modules/cjs/loader:1504:12)
    at require (node:internal/modules/helpers:152:16)
    at Object.<anonymous> (E:\Webskitters_Academy\NODE JS\final_project_node\green_nest_final_project_node_ejs\app\controllers\authController.js:30:19)
    at Module._compile (node:internal/modules/cjs/loader:1761:14)
2026-07-24 03:35:48 [ERROR]: Error: Cannot find module '../utils/hashToken'
Require stack:
- E:\Webskitters_Academy\NODE JS\final_project_node\green_nest_final_project_node_ejs\app\controllers\authController.js
- E:\Webskitters_Academy\NODE JS\final_project_node\green_nest_final_project_node_ejs\app\routes\authRoutes.js
- E:\Webskitters_Academy\NODE JS\final_project_node\green_nest_final_project_node_ejs\app.js
- E:\Webskitters_Academy\NODE JS\final_project_node\green_nest_final_project_node_ejs\server.js
    at Module._resolveFilename (node:internal/modules/cjs/loader:1421:15)
    at defaultResolveImpl (node:internal/modules/cjs/loader:1059:19)
    at resolveForCJSWithHooks (node:internal/modules/cjs/loader:1064:22)
    at Module._load (node:internal/modules/cjs/loader:1227:37)
    at TracingChannel.traceSync (node:diagnostics_channel:328:14)
    at wrapModuleLoad (node:internal/modules/cjs/loader:245:24)
    at Module.require (node:internal/modules/cjs/loader:1504:12)
    at require (node:internal/modules/helpers:152:16)
    at Object.<anonymous> (E:\Webskitters_Academy\NODE JS\final_project_node\green_nest_final_project_node_ejs\app\controllers\authController.js:30:19)
    at Module._compile (node:internal/modules/cjs/loader:1761:14)
